Delphi\Internet\CliDemo.dof
delphi\Internet\CliDemo.res
Delphi\Internet\Client5.dof 
delphi\Internet\Client5.res
Delphi\Internet\Client7.dof 
delphi\Internet\Client7.res
Delphi\Internet\ConCli1.dof 
Delphi\Internet\ConCli2.dof 
Delphi\Internet\Conftp.dof 
Delphi\Internet\Conhttp.dof 
Delphi\Internet\Consmtp.dof 
Delphi\Internet\ConSrv1.dof 
Delphi\Internet\DllTst1.dof 
delphi\Internet\DllTst1.res
Delphi\Internet\DnsLook.dof 
delphi\Internet\Dnslook.res
Delphi\Internet\DynCli.dof
delphi\Internet\DynCli.res
Delphi\Internet\Finger.dof
delphi\Internet\Finger.res
Delphi\Internet\FtpServ.dof 
delphi\Internet\FtpServ.res
Delphi\Internet\FtpThrd.dof 
delphi\Internet\FtpThrd.res
Delphi\Internet\FtpTst.dof 
delphi\Internet\FtpTst.res
Delphi\Internet\HttpAsp.dof
delphi\Internet\HttpAsp.res
Delphi\Internet\HttpAsy.dof
delphi\Internet\HttpAsy.res
Delphi\Internet\HttpChk.dof
delphi\Internet\HttpChk.res
Delphi\Internet\HttpDmo.dof
delphi\Internet\HttpDmo.res
Delphi\Internet\HttpGet.dof
delphi\Internet\HttpGet.res
Delphi\Internet\HttpPg.dof
delphi\Internet\HttpPg.res
Delphi\Internet\HttpThrd.dof
delphi\Internet\HttpThrd.res
Delphi\Internet\HttpTst.dof
delphi\Internet\HttpTst.res
Delphi\Internet\IcsDll1.dof
Delphi\Internet\IcsIsapi.dof
delphi\Internet\IcsIsapi.res
Delphi\Internet\MailRcv.dof 
delphi\Internet\MailRcv.res
Delphi\Internet\MailRob.dof 
Delphi\Internet\MailSnd.dof 
delphi\Internet\MailSnd.res
Delphi\Internet\MbxSub.dof
Delphi\Internet\MD5Test.dof
delphi\Internet\MD5Test.res
Delphi\Internet\MimeDemo.dof 
delphi\Internet\MimeDemo.res
Delphi\Internet\MimeTst.dof
delphi\Internet\MimeTst.res
Delphi\Internet\MtSrv.dof  
delphi\Internet\MtSrv.res
Delphi\Internet\NewsRdr.dof
delphi\Internet\NewsRdr.res
Delphi\Internet\NsLookup.dof
delphi\Internet\NsLookup.res
Delphi\Internet\PingTst.dof
delphi\Internet\PingTst.res
Delphi\Internet\Pop3Mime.dof 
delphi\Internet\Pop3Mime.res
Delphi\Internet\PopTst.dof 
Delphi\Internet\Recv.dof
delphi\Internet\Recv.res
Delphi\Internet\Sender.dof
delphi\Internet\Sender.res
Delphi\Internet\Server5.dof 
delphi\Internet\Server5.res
Delphi\Internet\SocksTst.dof
delphi\Internet\SocksTst.res
Delphi\Internet\SrvDemo.dof
delphi\Internet\SrvDemo.res
Delphi\Internet\SrvTcp.dof
delphi\Internet\SrvTcp.res
Delphi\Internet\SvcTcp.dof
delphi\Internet\SvcTcp.res
Delphi\Internet\TcpSrv.dof
delphi\Internet\TcpSrv.res
delphi\Internet\ThrdSrv.res
Delphi\Internet\TnClient.dof 
delphi\Internet\TnClient.res
Delphi\Internet\TnDemo.dof 
delphi\Internet\TnDemo.res
Delphi\Internet\TnSrv.dof  
delphi\Internet\TnSrv.res
Delphi\Internet\TWSChat.dof
delphi\Internet\TWSChat.res
Delphi\Internet\UdpLstn.dof  
delphi\Internet\UdpLstn.res
Delphi\Internet\UdpSend.dof
delphi\Internet\UdpSend.res
Delphi\Internet\WebServ.dof
delphi\Internet\WebServ.res
delphi\Vc32\IcsDel70.res
